<?xml version="1.0" encoding="utf-8"?><testsuites><testsuite name="pytest" errors="0" failures="0" skipped="0" tests="11" time="0.248" timestamp="2025-10-02T14:26:56.026925+02:00" hostname="henrikIT"><testcase classname="tests.test_interface_contract" name="test_inventory_contract_shape" time="0.002" /><testcase classname="tests.test_interface_xsd" name="test_inventory_required_fields" time="0.001" /><testcase classname="tests.test_interface_xsd" name="test_inventory_schema_valid" time="0.001" /><testcase classname="tests.test_interface_xsd" name="test_inventory_xsd_validation" time="0.025" /><testcase classname="tests.test_interface_xsd" name="test_inventory_json_schema" time="0.001" /><testcase classname="tests.test_requirements_map" name="test_requirements_map" time="0.002" /><testcase classname="tests.test_smoke" name="test_addition" time="0.001" /><testcase classname="tests.test_smoke" name="test_timing_guarantee" time="0.001" /><testcase classname="tests.test_temporal_rfc5905" name="test_sntp_response_under_200ms" time="0.001" /><testcase classname="tests.test_temporal_rfc5905" name="test_database_query_latency" time="0.002" /><testcase classname="tests.test_temporal_rfc5905" name="test_api_response_time" time="0.052" /></testsuite></testsuites>